Copyright 1986-2022 Xilinx, Inc. All Rights Reserved. Copyright 2022-2026 Advanced Micro Devices, Inc. All Rights Reserved.
--------------------------------------------------------------------------------------------------------------------------------------------------------------------------
| Tool Version : Vivado v.2026.1 (win64) Build 6511674 Tue Jun 16 11:02:23 MDT 2026
| Date         : Wed Sep 30 22:41:42 2026
| Host         : DESKTOP-2MR89AG running 64-bit major release  (build 9200)
| Command      : report_utilization -hierarchical -hierarchical_depth 10 -file C:/Users/wonho/AppData/Local/Temp/rigel_mul_verify/post_place_hierarchical_utilization.rpt
| Design       : vector_system
| Device       : xc7k480tffg1156-2
| Speed File   : -2
| Design State : Physopt postPlace
--------------------------------------------------------------------------------------------------------------------------------------------------------------------------

Utilization Design Information

Table of Contents
-----------------
1. Utilization by Hierarchy

1. Utilization by Hierarchy
---------------------------

+-----------------------------------+----------------------------------------+------------+------------+---------+------+-------+--------+--------+------------+
|              Instance             |                 Module                 | Total LUTs | Logic LUTs | LUTRAMs | SRLs |  FFs  | RAMB36 | RAMB18 | DSP Blocks |
+-----------------------------------+----------------------------------------+------------+------------+---------+------+-------+--------+--------+------------+
| vector_system                     |                                  (top) |      12205 |      11951 |     254 |    0 | 16100 |      9 |      0 |         35 |
|   (vector_system)                 |                                  (top) |          0 |          0 |       0 |    0 |     0 |      0 |      0 |          0 |
|   alu_a_dma                       |                                    dma |        752 |        752 |       0 |    0 |  1967 |      0 |      0 |          0 |
|     dma_control_dut               |                         dma_control_26 |        103 |        103 |       0 |    0 |   189 |      0 |      0 |          0 |
|     dma_dst_addr_dut              |                        dma_dst_addr_27 |        195 |        195 |       0 |    0 |   258 |      0 |      0 |          0 |
|     dma_src_addr_dut              |                        dma_src_addr_28 |         52 |         52 |       0 |    0 |    99 |      0 |      0 |          0 |
|     fifo_dut                      |                fifo__parameterized0_29 |        402 |        402 |       0 |    0 |  1421 |      0 |      0 |          0 |
|   alu_b_dma                       |                                  dma_0 |        691 |        691 |       0 |    0 |  1858 |      0 |      0 |          0 |
|     dma_control_dut               |                         dma_control_22 |         84 |         84 |       0 |    0 |   145 |      0 |      0 |          0 |
|     dma_dst_addr_dut              |                        dma_dst_addr_23 |        196 |        196 |       0 |    0 |   259 |      0 |      0 |          0 |
|     fifo_dut                      |                fifo__parameterized0_25 |        404 |        404 |       0 |    0 |  1421 |      0 |      0 |          0 |
|   alu_c_dma                       |                                  dma_1 |        720 |        720 |       0 |    0 |  1967 |      0 |      0 |          0 |
|     dma_control_dut               |                            dma_control |        104 |        104 |       0 |    0 |   189 |      0 |      0 |          0 |
|     dma_dst_addr_dut              |                           dma_dst_addr |        195 |        195 |       0 |    0 |   258 |      0 |      0 |          0 |
|     dma_src_addr_dut              |                           dma_src_addr |         18 |         18 |       0 |    0 |    99 |      0 |      0 |          0 |
|     fifo_dut                      |                   fifo__parameterized0 |        403 |        403 |       0 |    0 |  1421 |      0 |      0 |          0 |
|   bram_arbiter_0                  |                           bram_arbiter |        174 |        174 |       0 |    0 |  1132 |      0 |      0 |          0 |
|     (bram_arbiter_0)              |                           bram_arbiter |          4 |          4 |       0 |    0 |   300 |      0 |      0 |          0 |
|     arbiter                       |                        arbiter_skid_14 |         50 |         50 |       0 |    0 |   128 |      0 |      0 |          0 |
|       skid                        |                                skid_21 |          7 |          7 |       0 |    0 |    85 |      0 |      0 |          0 |
|     resp_join                     |                      handshake_join_15 |        101 |        101 |       0 |    0 |   687 |      0 |      0 |          0 |
|       input_buffers[1].input_skid |                skid__parameterized0_18 |         89 |         89 |       0 |    0 |   341 |      0 |      0 |          0 |
|       output_skid                 |                skid__parameterized1_19 |          5 |          5 |       0 |    0 |   341 |      0 |      0 |          0 |
|   bram_arbiter_c                  |                         bram_arbiter_2 |        180 |        180 |       0 |    0 |  1134 |      0 |      0 |          0 |
|     (bram_arbiter_c)              |                         bram_arbiter_2 |          0 |          0 |       0 |    0 |   300 |      0 |      0 |          0 |
|     arbiter                       |                           arbiter_skid |         54 |         54 |       0 |    0 |   128 |      0 |      0 |          0 |
|       skid                        |                                   skid |          8 |          8 |       0 |    0 |    85 |      0 |      0 |          0 |
|     resp_join                     |                         handshake_join |        107 |        107 |       0 |    0 |   689 |      0 |      0 |          0 |
|       input_buffers[1].input_skid |                skid__parameterized0_13 |         91 |         91 |       0 |    0 |   343 |      0 |      0 |          0 |
|       output_skid                 |                   skid__parameterized1 |          9 |          9 |       0 |    0 |   341 |      0 |      0 |          0 |
|   bram_dp_stream_0                |         bram_dp_stream__parameterized1 |        317 |        317 |       0 |    0 |   639 |      1 |      0 |          0 |
|     port_b                        | bram_dp_stream_port__parameterized3_11 |        187 |        187 |       0 |    0 |   373 |      0 |      0 |          0 |
|     port_a                        |    bram_dp_stream_port__parameterized3 |        125 |        125 |       0 |    0 |   266 |      0 |      0 |          0 |
|   handshake_join_0                |         handshake_join__parameterized0 |       3399 |       3399 |       0 |    0 |  1529 |      0 |      0 |          0 |
|     input_buffers[0].input_skid   |                   skid__parameterized0 |         97 |         97 |       0 |    0 |   259 |      0 |      0 |          0 |
|     input_buffers[1].input_skid   |                 skid__parameterized0_8 |         93 |         93 |       0 |    0 |   259 |      0 |      0 |          0 |
|     input_buffers[2].input_skid   |                 skid__parameterized0_9 |         92 |         92 |       0 |    0 |   259 |      0 |      0 |          0 |
|     output_skid                   |                   skid__parameterized3 |       3161 |       3161 |       0 |    0 |   711 |      0 |      0 |          0 |
|   sch_0                           |                                    sch |       1115 |       1115 |       0 |    0 |  1004 |      0 |      0 |          3 |
|     execute                       |                            sch_execute |        542 |        542 |       0 |    0 |   874 |      0 |      0 |          3 |
|     epoch_filter                  |                       sch_epoch_filter |        569 |        569 |       0 |    0 |    97 |      0 |      0 |          0 |
|   scratchpad_a                    |                         bram_dp_stream |        919 |        919 |       0 |    0 |  1439 |      4 |      0 |          0 |
|     port_b                        |                  bram_dp_stream_port_7 |        399 |        399 |       0 |    0 |   537 |      0 |      0 |          0 |
|     port_a                        |                  bram_dp_stream_port_6 |        515 |        515 |       0 |    0 |   902 |      0 |      0 |          0 |
|   scratchpad_c                    |                       bram_dp_stream_3 |        610 |        610 |       0 |    0 |  1043 |      4 |      0 |          0 |
|     port_b                        |                  bram_dp_stream_port_4 |          5 |          5 |       0 |    0 |   139 |      0 |      0 |          0 |
|     port_a                        |                    bram_dp_stream_port |        600 |        600 |       0 |    0 |   904 |      0 |      0 |          0 |
|   vector_accumulate_0             |                 vector_accumulate_slot |       1249 |       1249 |       0 |    0 |   651 |      0 |      0 |          0 |
|   vector_alu_0                    |                             vector_alu |        692 |        692 |       0 |    0 |   541 |      0 |      0 |         32 |
|     (vector_alu_0)                |                             vector_alu |        560 |        560 |       0 |    0 |   541 |      0 |      0 |         32 |
|     vector_exp                    |                             vector_exp |        132 |        132 |       0 |    0 |     0 |      0 |      0 |          0 |
|   vector_main_ixc                 |                                    ixc |       1389 |       1135 |     254 |    0 |  1155 |      0 |      0 |          0 |
|     (vector_main_ixc)             |                                    ixc |          0 |          0 |       0 |    0 |  1032 |      0 |      0 |          0 |
|     control                       |                            ixc_control |        785 |        785 |       0 |    0 |    32 |      0 |      0 |          0 |
|     read_path                     |                               ixc_read |        604 |        350 |     254 |    0 |    91 |      0 |      0 |          0 |
+-----------------------------------+----------------------------------------+------------+------------+---------+------+-------+--------+--------+------------+
* Note: The sum of lower-level cells may be larger than their parent cells total, due to cross-hierarchy LUT combining


