Copyright 1986-2022 Xilinx, Inc. All Rights Reserved. Copyright 2022-2026 Advanced Micro Devices, Inc. All Rights Reserved.
---------------------------------------------------------------------------------------------------------------------------------------------
| Tool Version : Vivado v.2026.1 (win64) Build 6511674 Tue Jun 16 11:02:23 MDT 2026
| Date         : Thu Oct  1 13:29:55 2026
| Host         : DESKTOP-2MR89AG running 64-bit major release  (build 9200)
| Command      : report_utilization -hierarchical -hierarchical_depth 10 -file reports/post_place_hierarchical_utilization.rpt
| Design       : vector_system
| Device       : xc7k480tffg1156-2
| Speed File   : -2
| Design State : Physopt postPlace
---------------------------------------------------------------------------------------------------------------------------------------------

Utilization Design Information

Table of Contents
-----------------
1. Utilization by Hierarchy

1. Utilization by Hierarchy
---------------------------

+---------------------------------+------------------------------------+------------+------------+---------+------+-------+--------+--------+------------+
|             Instance            |               Module               | Total LUTs | Logic LUTs | LUTRAMs | SRLs |  FFs  | RAMB36 | RAMB18 | DSP Blocks |
+---------------------------------+------------------------------------+------------+------------+---------+------+-------+--------+--------+------------+
| vector_system                   |                              (top) |      18699 |      18445 |     254 |    0 | 15349 |     18 |      0 |         35 |
|   (vector_system)               |                              (top) |          0 |          0 |       0 |    0 |     0 |      0 |      0 |          0 |
|   alu_a_dma                     |                                dma |        597 |        597 |       0 |    0 |  1967 |      0 |      0 |          0 |
|     dma_control_dut             |                     dma_control_13 |        102 |        102 |       0 |    0 |   189 |      0 |      0 |          0 |
|     dma_dst_addr_dut            |                    dma_dst_addr_14 |         67 |         67 |       0 |    0 |   258 |      0 |      0 |          0 |
|     dma_src_addr_dut            |                    dma_src_addr_15 |         19 |         19 |       0 |    0 |    99 |      0 |      0 |          0 |
|     fifo_dut                    |                            fifo_16 |        409 |        409 |       0 |    0 |  1421 |      0 |      0 |          0 |
|   alu_b_dma                     |                              dma_0 |        604 |        604 |       0 |    0 |  1975 |      0 |      0 |          0 |
|     dma_control_dut             |                      dma_control_9 |        110 |        110 |       0 |    0 |   197 |      0 |      0 |          0 |
|     dma_dst_addr_dut            |                    dma_dst_addr_10 |         67 |         67 |       0 |    0 |   258 |      0 |      0 |          0 |
|     dma_src_addr_dut            |                    dma_src_addr_11 |         19 |         19 |       0 |    0 |    99 |      0 |      0 |          0 |
|     fifo_dut                    |                            fifo_12 |        408 |        408 |       0 |    0 |  1421 |      0 |      0 |          0 |
|   alu_c_dma                     |                              dma_1 |        607 |        607 |       0 |    0 |  1975 |      0 |      0 |          0 |
|     dma_control_dut             |                        dma_control |        110 |        110 |       0 |    0 |   197 |      0 |      0 |          0 |
|     dma_dst_addr_dut            |                       dma_dst_addr |         67 |         67 |       0 |    0 |   258 |      0 |      0 |          0 |
|     dma_src_addr_dut            |                       dma_src_addr |         24 |         24 |       0 |    0 |    99 |      0 |      0 |          0 |
|     fifo_dut                    |                               fifo |        406 |        406 |       0 |    0 |  1421 |      0 |      0 |          0 |
|   bram_dp_stream_0              | banked_bram_stream__parameterized1 |        920 |        920 |       0 |    0 |   742 |      2 |      0 |          0 |
|     (bram_dp_stream_0)          | banked_bram_stream__parameterized1 |        479 |        479 |       0 |    0 |   742 |      0 |      0 |          0 |
|     banks[0].ram                |            bram_dp__parameterized0 |        168 |        168 |       0 |    0 |     0 |      1 |      0 |          0 |
|     banks[1].ram                |          bram_dp__parameterized0_8 |        274 |        274 |       0 |    0 |     0 |      1 |      0 |          0 |
|   handshake_join_0              |                     handshake_join |       3309 |       3309 |       0 |    0 |  1612 |      0 |      0 |          0 |
|     input_buffers[0].input_skid |                               skid |        224 |        224 |       0 |    0 |   259 |      0 |      0 |          0 |
|     input_buffers[1].input_skid |                             skid_5 |        234 |        234 |       0 |    0 |   259 |      0 |      0 |          0 |
|     input_buffers[2].input_skid |                             skid_6 |        227 |        227 |       0 |    0 |   259 |      0 |      0 |          0 |
|     input_buffers[3].input_skid |                             skid_7 |         68 |         68 |       0 |    0 |    85 |      0 |      0 |          0 |
|     output_skid                 |               skid__parameterized0 |       2657 |       2657 |       0 |    0 |   750 |      0 |      0 |          0 |
|   sch_0                         |                                sch |       1212 |       1212 |       0 |    0 |  1184 |      0 |      0 |          3 |
|     fetch                       |                          sch_fetch |          5 |          5 |       0 |    0 |    73 |      0 |      0 |          0 |
|     epoch_filter                |                   sch_epoch_filter |        374 |        374 |       0 |    0 |   139 |      0 |      0 |          0 |
|     execute                     |                        sch_execute |        829 |        829 |       0 |    0 |   970 |      0 |      0 |          3 |
|   scratchpad_a                  |                 banked_bram_stream |       4415 |       4415 |       0 |    0 |  1905 |      8 |      0 |          0 |
|     (scratchpad_a)              |                 banked_bram_stream |        706 |        706 |       0 |    0 |  1905 |      0 |      0 |          0 |
|     banks[0].ram                |                          bram_dp_3 |       1221 |       1221 |       0 |    0 |     0 |      4 |      0 |          0 |
|     banks[1].ram                |                          bram_dp_4 |       2490 |       2490 |       0 |    0 |     0 |      4 |      0 |          0 |
|   scratchpad_c                  | banked_bram_stream__parameterized0 |       2666 |       2666 |       0 |    0 |  1380 |      8 |      0 |          0 |
|     (scratchpad_c)              | banked_bram_stream__parameterized0 |        360 |        360 |       0 |    0 |  1380 |      0 |      0 |          0 |
|     banks[0].ram                |                            bram_dp |       1001 |       1001 |       0 |    0 |     0 |      4 |      0 |          0 |
|     banks[1].ram                |                          bram_dp_2 |       1306 |       1306 |       0 |    0 |     0 |      4 |      0 |          0 |
|   vector_accumulate_0           |             vector_accumulate_slot |       1308 |       1308 |       0 |    0 |   673 |      0 |      0 |          0 |
|   vector_alu_0                  |                         vector_alu |        773 |        773 |       0 |    0 |   585 |      0 |      0 |         32 |
|     (vector_alu_0)              |                         vector_alu |        679 |        679 |       0 |    0 |   585 |      0 |      0 |         32 |
|     vector_exp                  |                         vector_exp |         94 |         94 |       0 |    0 |     0 |      0 |      0 |          0 |
|   vector_main_ixc               |                                ixc |       2291 |       2037 |     254 |    0 |  1310 |      0 |      0 |          0 |
|     (vector_main_ixc)           |                                ixc |        282 |        282 |       0 |    0 |  1188 |      0 |      0 |          0 |
|     control                     |                        ixc_control |       1064 |       1064 |       0 |    0 |    28 |      0 |      0 |          0 |
|     read_path                   |                           ixc_read |        968 |        714 |     254 |    0 |    94 |      0 |      0 |          0 |
+---------------------------------+------------------------------------+------------+------------+---------+------+-------+--------+--------+------------+
* Note: The sum of lower-level cells may be larger than their parent cells total, due to cross-hierarchy LUT combining


